[    0.000000] Booting Linux on physical CPU 0x0
[    0.000000] Initializing cgroup subsys cpuset
[    0.000000] Initializing cgroup subsys cpu
[    0.000000] Initializing cgroup subsys cpuacct
[    0.000000] Linux version 4.3.0+ (yasir@yasir-virtual-machine) (gcc version 4.8.3 20140401 (prerelease) (crosstool-NG linaro-1.13.1-4.8-2014.04 - Linaro GCC 4.8-2014.04) ) #1 SMP PREEMPT Thu Aug 25 15:34:57 CEST 2016
[    0.000000] CPU: AArch64 Processor [410fc0f0] revision 0
[    0.000000] Detected PIPT I-cache on CPU0
[    0.000000] Memory limited to 4096MB
[    0.000000] cma: Reserved 16 MiB at 0x00000000ff000000
[    0.000000] On node 0 totalpages: 1048576
[    0.000000]   DMA zone: 8192 pages used for memmap
[    0.000000]   DMA zone: 0 pages reserved
[    0.000000]   DMA zone: 524288 pages, LIFO batch:31
[    0.000000]   Normal zone: 8192 pages used for memmap
[    0.000000]   Normal zone: 524288 pages, LIFO batch:31
[    0.000000] PERCPU: Embedded 15 pages/cpu @ffffffc0fffa1000 s23424 r8192 d29824 u61440
[    0.000000] pcpu-alloc: s23424 r8192 d29824 u61440 alloc=15*4096
[    0.000000] pcpu-alloc: [0] 0 [0] 1 [0] 2 [0] 3 
[    0.000000] Built 1 zonelists in Zone order, mobility grouping on.  Total pages: 1032192
[    0.000000] Kernel command line: earlyprintk=pl011,0x1c090000 console=ttyAMA0 lpj=19988480 norandmaps rw loglevel=8 mem=4GB root=/dev/sda1
[    0.000000] log_buf_len individual max cpu contribution: 4096 bytes
[    0.000000] log_buf_len total cpu_extra contributions: 12288 bytes
[    0.000000] log_buf_len min size: 16384 bytes
[    0.000000] log_buf_len: 32768 bytes
[    0.000000] early log buf free: 14784(90%)
[    0.000000] PID hash table entries: 4096 (order: 3, 32768 bytes)
[    0.000000] Dentry cache hash table entries: 524288 (order: 10, 4194304 bytes)
[    0.000000] Inode-cache hash table entries: 262144 (order: 9, 2097152 bytes)
[    0.000000] software IO TLB [mem 0xfafff000-0xfefff000] (64MB) mapped at [ffffffc07afff000-ffffffc07effefff]
[    0.000000] Memory: 4029892K/4194304K available (6490K kernel code, 446K rwdata, 2300K rodata, 260K init, 274K bss, 148028K reserved, 16384K cma-reserved)
[    0.000000] Virtual kernel memory layout:
[    0.000000]     vmalloc : 0xffffff8000000000 - 0xffffffbdbfff0000   (   246 GB)
[    0.000000]     vmemmap : 0xffffffbdc0000000 - 0xffffffbfc0000000   (     8 GB maximum)
[    0.000000]               0xffffffbdc2000000 - 0xffffffbdc6000000   (    64 MB actual)
[    0.000000]     fixed   : 0xffffffbffa7fd000 - 0xffffffbffac00000   (  4108 KB)
[    0.000000]     PCI I/O : 0xffffffbffae00000 - 0xffffffbffbe00000   (    16 MB)
[    0.000000]     modules : 0xffffffbffc000000 - 0xffffffc000000000   (    64 MB)
[    0.000000]     memory  : 0xffffffc000000000 - 0xffffffc100000000   (  4096 MB)
[    0.000000]       .init : 0xffffffc000917000 - 0xffffffc000958000   (   260 KB)
[    0.000000]       .text : 0xffffffc000080000 - 0xffffffc000916a24   (  8795 KB)
[    0.000000]       .data : 0xffffffc00096b000 - 0xffffffc0009dabc0   (   447 KB)
[    0.000000] SLUB: HWalign=64, Order=0-3, MinObjects=0, CPUs=4, Nodes=1
[    0.000000] Preemptible hierarchical RCU implementation.
[    0.000000] 	Build-time adjustment of leaf fanout to 64.
[    0.000000] 	RCU restricting CPUs from NR_CPUS=256 to nr_cpu_ids=4.
[    0.000000] RCU: Adjusting geometry for rcu_fanout_leaf=64, nr_cpu_ids=4
[    0.000000] NR_IRQS:64 nr_irqs:64 0
[    0.000000] Architected cp15 timer(s) running at 25.16MHz (virt).
[    0.000000] clocksource: arch_sys_counter: mask: 0xffffffffffffff max_cycles: 0x5cdd39714, max_idle_ns: 440795202620 ns
[    0.000001] sched_clock: 56 bits at 25MHz, resolution 39ns, wraps every 4398046511084ns
[    0.000049] Console: colour dummy device 80x25
[    0.000053] Calibrating delay loop (skipped) preset value.. 3997.69 BogoMIPS (lpj=19988480)
[    0.000057] pid_max: default: 32768 minimum: 301
[    0.000080] Mount-cache hash table entries: 8192 (order: 4, 65536 bytes)
[    0.000083] Mountpoint-cache hash table entries: 8192 (order: 4, 65536 bytes)
[    0.000265] Initializing cgroup subsys io
[    0.000270] Initializing cgroup subsys memory
[    0.000277] Initializing cgroup subsys devices
[    0.000280] Initializing cgroup subsys freezer
[    0.000284] Initializing cgroup subsys net_cls
[    0.000287] Initializing cgroup subsys perf_event
[    0.000291] Initializing cgroup subsys pids
[    0.000297] Initializing cgroup subsys debug
[    0.000338] hw perfevents: no hardware support available
[    0.080013] CPU1: Booted secondary processor
[    0.080015] Detected PIPT I-cache on CPU1
[    0.110022] CPU2: Booted secondary processor
[    0.110024] Detected PIPT I-cache on CPU2
[    0.140031] CPU3: Booted secondary processor
[    0.140033] Detected PIPT I-cache on CPU3
[    0.140050] Brought up 4 CPUs
[    0.140059] SMP: Total of 4 processors activated.
[    0.140062] CPU: All CPU(s) started at EL1
[    0.140214] devtmpfs: initialized
[    0.141180] clocksource: jiffies: mask: 0xffffffff max_cycles: 0xffffffff, max_idle_ns: 19112604462750000 ns
[    0.141425] atomic64_test: passed
[    0.142423] NET: Registered protocol family 16
[    0.180548] vdso: 2 pages (1 code @ ffffffc000971000, 1 data @ ffffffc000970000)
[    0.180561] hw-breakpoint: found 2 breakpoint and 2 watchpoint registers.
[    0.180905] DMA: preallocated 256 KiB pool for atomic allocations
[    0.180935] Serial: AMBA PL011 UART driver
[    0.181585] 1c090000.uart: ttyAMA0 at MMIO 0x1c090000 (irq = 8, base_baud = 0) is a PL011 rev3
[    0.181785] console [ttyAMA0] enabled
[    0.240403] vgaarb: loaded
[    0.240549] SCSI subsystem initialized
[    0.240615] libata version 3.00 loaded.
[    0.240730] usbcore: registered new interface driver usbfs
[    0.240758] usbcore: registered new interface driver hub
[    0.240779] usbcore: registered new device driver usb
[    0.240829] pps_core: LinuxPPS API ver. 1 registered
[    0.240832] pps_core: Software ver. 5.3.6 - Copyright 2005-2007 Rodolfo Giometti <giometti@linux.it>
[    0.240846] PTP clock support registered
[    0.241210] clocksource: Switched to clocksource arch_sys_counter
[    0.245090] NET: Registered protocol family 2
[    0.245270] TCP established hash table entries: 32768 (order: 6, 262144 bytes)
[    0.245458] TCP bind hash table entries: 32768 (order: 7, 524288 bytes)
[    0.245692] TCP: Hash tables configured (established 32768 bind 32768)
[    0.245711] UDP hash table entries: 2048 (order: 4, 65536 bytes)
[    0.245753] UDP-Lite hash table entries: 2048 (order: 4, 65536 bytes)
[    0.245843] NET: Registered protocol family 1
[    0.245955] RPC: Registered named UNIX socket transport module.
[    0.245959] RPC: Registered udp transport module.
[    0.245962] RPC: Registered tcp transport module.
[    0.245965] RPC: Registered tcp NFSv4.1 backchannel transport module.
[    0.245972] PCI: CLS 0 bytes, default 64
[    0.246152] kvm [1]: HYP mode not available
[    0.246502] futex hash table entries: 1024 (order: 4, 65536 bytes)
[    0.246758] HugeTLB registered 2 MB page size, pre-allocated 0 pages
[    0.262318] fuse init (API version 7.23)
[    0.262739] io scheduler noop registered
[    0.262814] io scheduler cfq registered (default)
[    0.262932] PCI host bridge /pci ranges:
[    0.262936]   No bus range found for /pci, using [bus 00-ff]
[    0.262943]    IO 0x2f000000..0x2f00ffff -> 0x00000000
[    0.262949]   MEM 0x40000000..0x7fffffff -> 0x40000000
[    0.264150] pci-host-generic 30000000.pci: PCI host bridge to bus 0000:00
[    0.264156] pci_bus 0000:00: root bus resource [bus 00-ff]
[    0.264161] pci_bus 0000:00: root bus resource [io  0x0000-0xffff]
[    0.264167] pci_bus 0000:00: root bus resource [mem 0x40000000-0x7fffffff]
[    0.264171] pci_bus 0000:00: scanning bus
[    0.264179] pci 0000:00:01.0: [8086:7111] type 00 class 0x010185
[    0.264187] pci 0000:00:01.0: reg 0x10: [io  0x0000-0x0007]
[    0.264193] pci 0000:00:01.0: reg 0x14: [io  0x0000-0x0003]
[    0.264199] pci 0000:00:01.0: reg 0x18: [io  0x0000-0x0007]
[    0.264205] pci 0000:00:01.0: reg 0x1c: [io  0x0000-0x0003]
[    0.264210] pci 0000:00:01.0: reg 0x20: [io  0x0000-0x000f]
[    0.264217] pci 0000:00:01.0: reg 0x30: [mem 0x00000000-0x000007ff pref]
[    0.264307] pci_bus 0000:00: fixups for bus
[    0.264311] pci_bus 0000:00: bus scan returning with max=00
[    0.264321] pci 0000:00:01.0: fixup irq: got 10
[    0.264325] pci 0000:00:01.0: assigning IRQ 10
[    0.264333] pci 0000:00:01.0: BAR 6: assigned [mem 0x40000000-0x400007ff pref]
[    0.264339] pci 0000:00:01.0: BAR 4: assigned [io  0x1000-0x100f]
[    0.264345] pci 0000:00:01.0: BAR 0: assigned [io  0x1010-0x1017]
[    0.264351] pci 0000:00:01.0: BAR 2: assigned [io  0x1018-0x101f]
[    0.264357] pci 0000:00:01.0: BAR 1: assigned [io  0x1020-0x1023]
[    0.264363] pci 0000:00:01.0: BAR 3: assigned [io  0x1024-0x1027]
[    0.265889] Serial: 8250/16550 driver, 4 ports, IRQ sharing disabled
[    0.266647] ata_piix 0000:00:01.0: version 2.13
[    0.266653] ata_piix 0000:00:01.0: enabling device (0000 -> 0001)
[    0.266675] ata_piix 0000:00:01.0: enabling bus mastering
[    0.277322] scsi host0: ata_piix
[    0.277462] scsi host1: ata_piix
[    0.277556] ata1: PATA max UDMA/33 cmd 0x1010 ctl 0x1020 bmdma 0x1000 irq 10
[    0.277561] ata2: PATA max UDMA/33 cmd 0x1018 ctl 0x1024 bmdma 0x1008 irq 10
[    0.277802] e1000: Intel(R) PRO/1000 Network Driver - version 7.3.21-k8-NAPI
[    0.277806] e1000: Copyright (c) 1999-2006 Intel Corporation.
[    0.277840] e1000e: Intel(R) PRO/1000 Network Driver - 3.2.6-k
[    0.277843] e1000e: Copyright(c) 1999 - 2015 Intel Corporation.
[    0.277878] igb: Intel(R) Gigabit Ethernet Network Driver - version 5.3.0-k
[    0.277882] igb: Copyright (c) 2007-2014 Intel Corporation.
[    0.277915] ixgbe: Intel(R) 10 Gigabit PCI Express Network Driver - version 4.0.1-k
[    0.277919] ixgbe: Copyright (c) 1999-2015 Intel Corporation.
[    0.277954] ixgbevf: Intel(R) 10 Gigabit PCI Express Virtual Function Network Driver - version 2.12.1-k
[    0.277958] ixgbevf: Copyright (c) 2009 - 2012 Intel Corporation.
[    0.277992] i40e: Intel(R) Ethernet Connection XL710 Network Driver - version 1.3.9-k
[    0.277996] i40e: Copyright (c) 2013 - 2014 Intel Corporation.
[    0.278031] ixgb: Intel(R) PRO/10GbE Network Driver - version 1.0.135-k2-NAPI
[    0.278035] ixgb: Copyright (c) 1999-2008 Intel Corporation.
[    0.278067] i40evf: Intel(R) XL710/X710 Virtual Function Network Driver - version 1.3.5
[    0.278071] Copyright (c) 2013 - 2015 Intel Corporation.
[    0.278266] usbcore: registered new interface driver usb-storage
[    0.278521] mousedev: PS/2 mouse device common for all mice
[    0.278967] usbcore: registered new interface driver usbhid
[    0.278971] usbhid: USB HID core driver
[    0.278993] Netfilter messages via NETLINK v0.30.
[    0.279002] nfnl_acct: registering with nfnetlink.
[    0.279023] nf_conntrack version 0.5.0 (16384 buckets, 65536 max)
[    0.279288] ctnetlink v0.93: registering with nfnetlink.
[    0.279380] nf_tables: (c) 2007-2009 Patrick McHardy <kaber@trash.net>
[    0.279393] nf_tables_compat: (c) 2012 Pablo Neira Ayuso <pablo@netfilter.org>
[    0.279681] xt_time: kernel timezone is -0000
[    0.279692] ip_set: protocol 6
[    0.279737] IPVS: Registered protocols (TCP, UDP, SCTP, AH, ESP)
[    0.279811] IPVS: Connection hash table configured (size=4096, memory=64Kbytes)
[    0.279815] IPVS: Each connection entry needs 296 bytes at least
[    0.279858] IPVS: Creating netns size=2088 id=0
[    0.279875] IPVS: ipvs loaded.
[    0.279879] IPVS: [rr] scheduler registered.
[    0.279885] IPVS: [wrr] scheduler registered.
[    0.279890] IPVS: [lc] scheduler registered.
[    0.279895] IPVS: [wlc] scheduler registered.
[    0.279900] IPVS: [fo] scheduler registered.
[    0.279905] IPVS: [ovf] scheduler registered.
[    0.279912] IPVS: [lblc] scheduler registered.
[    0.279920] IPVS: [lblcr] scheduler registered.
[    0.279925] IPVS: [dh] scheduler registered.
[    0.279930] IPVS: [sh] scheduler registered.
[    0.279935] IPVS: [sed] scheduler registered.
[    0.279941] IPVS: [nq] scheduler registered.
[    0.279947] IPVS: ftp: loaded support on port[0] = 21
[    0.279952] IPVS: [sip] pe registered.
[    0.280099] ip_tables: (C) 2000-2006 Netfilter Core Team
[    0.280166] ipt_CLUSTERIP: ClusterIP Version 0.8 loaded successfully
[    0.280188] arp_tables: (C) 2002 David S. Miller
[    0.280549] NET: Registered protocol family 10
[    0.290848] ip6_tables: (C) 2000-2006 Netfilter Core Team
[    0.290983] sit: IPv6 over IPv4 tunneling driver
[    0.291212] NET: Registered protocol family 17
[    0.291230] bridge: automatic filtering via arp/ip/ip6tables has been deprecated. Update your scripts to load br_netfilter if you need this.
[    0.291244] Bridge firewalling registered
[    0.291263] Ebtables v2.0 registered
[    0.291343] 8021q: 802.1Q VLAN Support v1.8
[    0.371336] input: AT Raw Set 2 keyboard as /devices/platform/1c060000.kmi/serio0/input/input0
[    0.431249] ata1.00: ATA-7: M5 IDE Disk, , max UDMA/66
[    0.431253] ata1.00: 62914560 sectors, multi 0: LBA 
[    0.431277] ata1.00: configured for UDMA/33
[    0.431393] scsi 0:0:0:0: Direct-Access     ATA      M5 IDE Disk      n/a  PQ: 0 ANSI: 5
[    0.431633] sd 0:0:0:0: [sda] 62914560 512-byte logical blocks: (32.2 GB/30.0 GiB)
[    0.431690] sd 0:0:0:0: [sda] Write Protect is off
[    0.431695] sd 0:0:0:0: Attached scsi generic sg0 type 0
[    0.431696] sd 0:0:0:0: [sda] Mode Sense: 00 3a 00 00
[    0.431720] sd 0:0:0:0: [sda] Write cache: disabled, read cache: enabled, doesn't support DPO or FUA
[    0.431985]  sda: sda1
[    0.432261] sd 0:0:0:0: [sda] Attached SCSI disk
[    0.771347] input: PS/2 Generic Mouse as /devices/platform/1c070000.kmi/serio1/input/input2
[    0.771720] VFS: Mounted root (ext2 filesystem) on device 8:1.
[    0.771768] devtmpfs: mounted
[    0.771812] Freeing unused kernel memory: 260K (ffffffc000917000 - ffffffc000958000)
[    0.771822] Freeing alternatives memory: 56K (ffffffc000958000 - ffffffc000966000)
[    0.788649] systemd[1]: System time before build time, advancing clock.
[    0.789444] systemd[1]: Failed to insert module 'autofs4': No such file or directory
[    0.790673] random: systemd urandom read with 13 bits of entropy available
[    0.792120] systemd[1]: systemd 229 running in system mode. (+PAM +AUDIT +SELINUX +IMA +APPARMOR +SMACK +SYSVINIT +UTMP +LIBCRYPTSETUP +GCRYPT +GNUTLS +ACL +XZ -LZ4 +SECCOMP +BLKID +ELFUTILS +KMOD -IDN)
[    0.792251] systemd[1]: Detected architecture arm64.

Welcome to [1mUbuntu 16.04.1 LTS[0m!

[    0.792443] systemd[1]: Set hostname to <localhost.localdomain>.
[    0.792628] systemd[1]: Initializing machine ID from D-Bus machine ID.
[    0.882271] systemd[1]: Reached target Encrypted Volumes.
[[0;32m  OK  [0m] Reached target Encrypted Volumes.
[    0.882368] systemd[1]: Listening on udev Kernel Socket.
[[0;32m  OK  [0m] Listening on udev Kernel Socket.
[    0.882936] systemd[1]: Created slice System Slice.
[[0;32m  OK  [0m] Created slice System Slice.
[    0.883037] systemd[1]: Listening on /dev/initctl Compatibility Named Pipe.
[[0;32m  OK  [0m] Listening on /dev/initctl Compatibility Named Pipe.
[    0.883510] systemd[1]: Created slice User and Session Slice.
[[0;32m  OK  [0m] Created slice User and Session Slice.
[    0.884011] systemd[1]: Created slice system-getty.slice.
[[0;32m  OK  [0m] Created slice system-getty.slice.
[    0.884107] systemd[1]: Listening on Journal Socket (/dev/log).
[[0;32m  OK  [0m] Listening on Journal Socket (/dev/log).
[    0.884214] systemd[1]: Started Forward Password Requests to Wall Directory Watch.
[[0;32m  OK  [0m] Started Forward Password Requests to Wall Directory Watch.
[    0.884710] systemd[1]: Created slice system-serial\x2dgetty.slice.
[[0;32m  OK  [0m] Created slice system-serial\x2dgetty.slice.
[    0.884768] systemd[1]: Reached target Swap.
[[0;32m  OK  [0m] Reached target Swap.
[    0.884856] systemd[1]: Listening on udev Control Socket.
[[0;32m  OK  [0m] Listening on udev Control Socket.
[    0.884915] systemd[1]: Reached target Slices.
[[0;32m  OK  [0m] Reached target Slices.
[    0.885012] systemd[1]: Listening on Journal Socket.
[[0;32m  OK  [0m] Listening on Journal Socket.
[    0.886000] systemd[1]: Starting Journal Service...
         Starting Journal Service...
[    0.887028] systemd[1]: Mounting Debug File System...
         Mounting Debug File System...
[    0.888090] systemd[1]: Mounting Huge Pages File System...
         Mounting Huge Pages File System...
[    0.889148] systemd[1]: Mounting POSIX Message Queue File System...
         Mounting POSIX Message Queue File System...
[    0.890158] systemd[1]: Starting Remount Root and Kernel File Systems...
         Starting Remount Root and Kernel File Systems...
[    0.892108] systemd[1]: Starting Load Kernel Modules...
         Starting Load Kernel Modules...
[    0.893911] systemd[1]: Starting Create Static Device Nodes in /dev...
         Starting Create Static Device Nodes in /dev...
[    0.894053] systemd[1]: Started Dispatch Password Requests to Console Directory Watch.
[[0;32m  OK  [0m] Started Dispatch Password Requests to Console Directory Watch.
[    0.894115] systemd[1]: Reached target Paths.
[[0;32m  OK  [0m] Reached target Paths.
[    0.898112] systemd[1]: Reached target Remote File Systems (Pre).
[[0;32m  OK  [0m] Reached target Remote File Systems (Pre).
[    0.898168] systemd[1]: Reached target Remote File Systems.
[[0;32m  OK  [0m] Reached target Remote File Systems.
[    0.900290] systemd[1]: Mounted Huge Pages File System.
[[0;32m  OK  [0m] Mounted Huge Pages File System.
[    0.900356] systemd[1]: Mounted Debug File System.
[[0;32m  OK  [0m] Mounted Debug File System.
[    0.900422] systemd[1]: Mounted POSIX Message Queue File System.
[[0;32m  OK  [0m] Mounted POSIX Message Queue File System.
[    0.901542] systemd[1]: Started Remount Root and Kernel File Systems.
[[0;32m  OK  [0m] Started Remount Root and Kernel File Systems.
[    0.903152] systemd[1]: Started Load Kernel Modules.
[[0;32m  OK  [0m] Started Load Kernel Modules.
[    0.903923] systemd[1]: Started Create Static Device Nodes in /dev.
[[0;32m  OK  [0m] Started Create Static Device Nodes in /dev.
[    0.914535] systemd[1]: Started Journal Service.
[[0;32m  OK  [0m] Started Journal Service.
         Starting udev Kernel Device Manager...
         Mounting FUSE Control File System...
         Starting Apply Kernel Variables...
[[0;32m  OK  [0m] Reached target Local File Systems (Pre).
         Starting udev Coldplug all Devices...
[[0;32m  OK  [0m] Reached target Local File Systems.
         Starting LSB: AppArmor initialization...
         Starting Load/Save Random Seed...
         Starting Flush Journal to Persistent Storage...
[[0;32m  OK  [0m] Mounted FUSE Control File System.
[[0;32m  OK  [0m] Started udev Kernel Device Manager.
[[0;32m  OK  [0m] Started Apply Kernel Variables.
[[0;32m  OK  [0m] Started Load/Save Random Seed.
[[0;32m  OK  [0m] Started Flush Journal to Persistent Storage.
         Starting Create Volatile Files and Directories...
[[0;32m  OK  [0m] Started Create Volatile Files and Directories.
         Starting Update UTMP about System Boot/Shutdown...
         Starting Network Time Synchronization...
[[0;32m  OK  [0m] Started Network Time Synchronization.
[[0;32m  OK  [0m] Reached target System Time Synchronized.
[[0;32m  OK  [0m] Started Update UTMP about System Boot/Shutdown.
[[0;32m  OK  [0m] Started udev Coldplug all Devices.
[[0;32m  OK  [0m] Started LSB: AppArmor initialization.
[[0;32m  OK  [0m] Found device /dev/ttyAMA0.
[[0;32m  OK  [0m] Reached target System Initialization.
[[0;32m  OK  [0m] Listening on D-Bus System Message Bus Socket.
[[0;32m  OK  [0m] Listening on UUID daemon activation socket.
[[0;32m  OK  [0m] Reached target Sockets.
[[0;32m  OK  [0m] Started Daily apt activities.
[[0;32m  OK  [0m] Started Daily Cleanup of Temporary Directories.
[[0;32m  OK  [0m] Reached target Timers.
[[0;32m  OK  [0m] Reached target Basic System.
         Starting Permit User Sessions...
         Starting Login Service...
[[0;32m  OK  [0m] Started FUSE filesystem for LXC.
         Starting LSB: Set the CPU Frequency Scaling governor to "ondemand"...
[[0;32m  OK  [0m] Started D-Bus System Message Bus.
[[0;32m  OK  [0m] Started Cgroup management daemon.
         Starting LXC network bridge setup...
         Starting Raise network interfaces...
[[0;32m  OK  [0m] Started Permit User Sessions.
[[0;32m  OK  [0m] Started Login Service.
[[0;32m  OK  [0m] Started LSB: Set the CPU Frequency Scaling governor to "ondemand".
[[0;32m  OK  [0m] Started Raise network interfaces.
[[0;32m  OK  [0m] Reached target Network.
         Starting /etc/rc.local Compatibility...
[[0;32m  OK  [0m] Started /etc/rc.local Compatibility.
[[0;32m  OK  [0m] Started Getty on tty1.
[[0;32m  OK  [0m] Started Serial Getty on ttyAMA0.
[[0;32m  OK  [0m] Reached target Login Prompts.
[[0;32m  OK  [0m] Started LXC network bridge setup.
         Starting LXC Container Initialization and Autoboot Code...
[[0;32m  OK  [0m] Started LXC Container Initialization and Autoboot Code.
[[0;32m  OK  [0m] Reached target Multi-User System.
[[0;32m  OK  [0m] Reached target Graphical Interface.
         Starting Update UTMP about System Runlevel Changes...
[[0;32m  OK  [0m] Started Update UTMP about System Runlevel Changes.

Ubuntu 16.04.1 LTS localhost.localdomain ttyAMA0

localhost login: root (automatic login)

Welcome to Ubuntu 16.04.1 LTS (GNU/Linux 4.3.0+ aarch64)

 * Documentation:  https://help.ubuntu.com
 * Management:     https://landscape.canonical.com
 * Support:        https://ubuntu.com/advantage

The programs included with the Ubuntu system are free software;
the exact distribution terms for each program are described in the
individual files in /usr/share/doc/*/copyright.

Ubuntu comes with ABSOLUTELY NO WARRANTY, to the extent permitted by
applicable law.

root@localhost:~# ls
bankingwk  hello.c    hello.sh  test.sh~  test2.sh~
darknet    hello.out  test.sh   test2.sh
root@localhost:~# ll
total 68
drwx------  5 root root 4096 Feb 11 16:28 ./
drwxr-xr-x 20 root root 4096 Nov  7  2016 ../
-rw-r--r--  1 root root 3458 Nov  7  2016 .bashrc
-rw-r--r--  1 root root 3523 Nov  7  2016 .bashrc~
drwx------  2 root root 4096 Feb 11 16:28 .cache/
-rw-r--r--  1 root root  148 Nov  7  2016 .profile
drwxr-xr-x  2 root root 4096 Nov  7  2016 bankingwk/
drwxr-xr-x 10 root root 4096 Feb  8  2019 darknet/
-rw-r--r--  1 root root 1702 Nov  7  2016 hello.c
-rwxr-xr-x  1 root root 9538 Nov  7  2016 hello.out*
-rwxr-xr-x  1 root root  110 Nov  7  2016 hello.sh*
-rwxr-xr-x  1 root root  466 Nov  7  2016 test.sh*
-rwxr-xr-x  1 root root  470 Nov  7  2016 test.sh~*
-rwxr-xr-x  1 root root  469 Nov  7  2016 test2.sh*
-rwxr-xr-x  1 root root  466 Nov  7  2016 test2.sh~*
root@localhost:~# cd darknet/
root@localhost:~/darknet# [H[Jroot@localhost:~/darknet# less    cat Makefile 
ARM=1
DEBUG=0

VPATH=./src/
EXEC=darknet
OBJDIR=./obj/

ifeq ($(ARM), 0)
CC=gcc
CPP=g++
else
CC=aarch64-linux-gnu-gcc
CPP=aarch64-linux-gnu-g++
endif
OPTS=-Ofast
LDFLAGS= -lm -pthread 
COMMON= -Iinclude/ 
CFLAGS=-Wall -Wfatal-errors -Wno-unused-result -Wno-unknown-pragmas

ifeq ($(DEBUG), 1) 
OPTS= -O0 -g
endif

CFLAGS+=$(OPTS)

OBJ=http_stream.o gemm.o utils.o convolutional_layer.o list.o image.o activations.o im2col.o col2im.o blas.o crop_layer.o dropout_layer.o maxpool_layer.o softmax_layer.o data.o matrix.o network.o connected_layer.o cost_layer.o parser.o option_list.o darknet.o detection_layer.o route_layer.o box.o normalization_layer.o avgpool_layer.o detector.o layer.o local_layer.o shortcut_layer.o activation_layer.o rnn_layer.o gru_layer.o crnn_layer.o batchnorm_layer.o region_layer.o reorg_layer.o reorg_old_layer.o tree.o yolo_layer.o upsample_layer.o

OBJS = $(addprefix $(OBJDIR), $(OBJ))
DEPS = $(wildcard src/*.h) Makefile include/darknet.h

all: obj backup results setchmod $(EXEC) $(LIBNAMESO) $(APPNAMESO)

$(EXEC): $(OBJS)
	$(CPP) -std=c++11 $(COMMON) $(CFLAGS) $^ -o $@ $(LDFLAGS)

$(OBJDIR)%.o: %.c $(DEPS)
	$(CC) $(COMMON) $(CFLAGS) -c $< -o $@

$(OBJDIR)%.o: %.cpp $(DEPS)
	$(CPP) $(COMMON) $(CFLAGS) -c $< -o $@

obj:
	mkdir -p obj
backup:
	mkdir -p backup
results:
	mkdir -p results
setchmod:
	chmod +x scripts/default/*.sh
	chmod +x scripts/*.sh

.PHONY: clean

clean:
	rm -rf $(OBJS) $(EXEC) $(LIBNAMESO) $(APPNAMESO) predictions.jpg
root@localhost:~/darknet# les  s Makefile 
-bash: less: command not found
root@localhost:~/darknet# caty    , Makefile | grep CC
[01;31m[KCC[m[K=gcc
[01;31m[KCC[m[K=aarch64-linux-gnu-gcc
	$([01;31m[KCC[m[K) $(COMMON) $(CFLAGS) -c $< -o $@
root@localhost:~/darknet# aarch64-linux-gnu-gcc
[01m[Kaarch64-linux-gnu-gcc:[m[K [01;31m[Kfatal error: [m[Kno input files
compilation terminated.
root@localhost:~/darknet# make'
> ^C
root@localhost:~/darknet# [H[Jroot@localhost:~/darknet# make
-bash: make: command not found
root@localhost:~/darknet# [H[Jroot@localhost:~/darknet# make
-bash: make: command not found
root@localhost:~/darknet# [H[Jroot@localhost:~/darknet# ll'   ll
total 96
drwxr-xr-x 10 root root  4096 Feb  8  2019 ./
drwx------  5 root root  4096 Feb 11 16:28 ../
drwxr-xr-x  8 root root  4096 Feb  8  2019 .git/
-rw-r--r--  1 root root    75 Feb  8  2019 .gitignore
drwxr-xr-x  5 root root  4096 Feb  8  2019 3rdparty/
-rw-r--r--  1 root root   515 Feb  8  2019 LICENSE
-rw-r--r--  1 root root  1473 Feb  8  2019 Makefile
-rw-r--r--  1 root root 43742 Feb  8  2019 README.md
drwxr-xr-x  3 root root  4096 Feb  8  2019 cfg/
drwxr-xr-x  6 root root  4096 Feb  8  2019 data/
drwxr-xr-x  2 root root  4096 Feb  8  2019 include/
drwxr-xr-x  3 root root  4096 Feb  8  2019 scripts/
drwxr-xr-x  2 root root  4096 Feb  8  2019 src/
drwxr-xr-x  2 root root  4096 Feb  8  2019 weights/
root@localhost:~/darknet# l [H[Jroot@localhost:~/darknet# ll
total 96
drwxr-xr-x 10 root root  4096 Feb  8  2019 ./
drwx------  5 root root  4096 Feb 11 16:28 ../
drwxr-xr-x  8 root root  4096 Feb  8  2019 .git/
-rw-r--r--  1 root root    75 Feb  8  2019 .gitignore
drwxr-xr-x  5 root root  4096 Feb  8  2019 3rdparty/
-rw-r--r--  1 root root   515 Feb  8  2019 LICENSE
-rw-r--r--  1 root root  1473 Feb  8  2019 Makefile
-rw-r--r--  1 root root 43742 Feb  8  2019 README.md
drwxr-xr-x  3 root root  4096 Feb  8  2019 cfg/
drwxr-xr-x  6 root root  4096 Feb  8  2019 data/
drwxr-xr-x  2 root root  4096 Feb  8  2019 include/
drwxr-xr-x  3 root root  4096 Feb  8  2019 scripts/
drwxr-xr-x  2 root root  4096 Feb  8  2019 src/
drwxr-xr-x  2 root root  4096 Feb  8  2019 weights/
root@localhost:~/darknet# [H[Jroot@localhost:~/darknet# 